✔ el humor de regreso ya no menciona a la ex de nadie (4.0446ms)
✔ el primer texto del onboarding no exige élite ni prohíbe excusas (3.5683ms)
✔ el coach tiene reglas de cómo hablar: sin jerga, sin comparar, sin culpa (1.3596ms)
✔ app/(auth)/onboarding.tsx no abre ninguna alerta titulada "Error" (1.6955ms)
✔ app/(tabs)/coach.tsx no abre ninguna alerta titulada "Error" (1.7883ms)
✔ app/(tabs)/profile.tsx no abre ninguna alerta titulada "Error" (2.19ms)
✔ app/(tabs)/progress.tsx no abre ninguna alerta titulada "Error" (1.917ms)
✔ app/food-scan.tsx no abre ninguna alerta titulada "Error" (1.3471ms)
✔ app/fridge-scan.tsx no abre ninguna alerta titulada "Error" (1.4281ms)
✔ app/body-scan.tsx no abre ninguna alerta titulada "Error" (3.3577ms)
✔ ningún Alert enseña error.message de Supabase tal cual (9.3479ms)
✔ un fallo de análisis enseña lo nuestro y traduce lo ajeno (1.2017ms)
✔ las tres pantallas de análisis pasan por el traductor (4.5461ms)
✔ al fallar el registro se dice que las respuestas siguen ahí (1.6547ms)
✔ la pantalla legal no enseña la nota interna de revisión jurídica (1.2114ms)
✔ el nivel de riesgo por técnica se lee en castellano (1.7816ms)
✔ las zonas de lesión llegan con su etiqueta, no con la clave (0.8552ms)
✔ el panel de telemetría se cierra fuera de desarrollo (1.4736ms)
✔ el error genérico de IA no enseña el código HTTP (1.187ms)
✔ ir al revés de la meta se describe, no se grita (1.7833ms)
✔ el análisis corporal no predice con bola de cristal ni pinta el cuerpo en rojo (1.8248ms)
✔ el consejo del día no habla de "límite de calorías" (1.0707ms)
✔ los avisos de cupo, el plan y la cámara hablan claro (4.3908ms)
ℹ tests 23
ℹ suites 0
ℹ pass 23
ℹ fail 0
ℹ cancelled 0
ℹ skipped 0
ℹ todo 0
ℹ duration_ms 796.6823
